// Jest Snapshot v1, https://goo.gl/fbAQLP

exports[`TextBold - renders correctly 1`] = `
<Text
  accessible={true}
  allowFontScaling={true}
  ellipsizeMode="tail"
  style={
    Object {
      "color": "black",
      "flex": 2.5,
      "fontSize": 25,
      "fontWeight": "bold",
      "textAlign": "center",
    }
  }
/>
`;
