// Jest Snapshot v1, https://goo.gl/fbAQLP

exports[`DevicesPanel - renders correctly 1`] = `
<View
  style={
    Object {
      "alignSelf": "stretch",
      "flex": 6,
    }
  }
>
  <View
    accessibilityComponentType={undefined}
    accessibilityLabel={undefined}
    accessibilityTraits={undefined}
    accessible={true}
    hitSlop={undefined}
    isTVSelectable={true}
    onLayout={undefined}
    onResponderGrant={[Function]}
    onResponderMove={[Function]}
    onResponderRelease={[Function]}
    onResponderTerminate={[Function]}
    onResponderTerminationRequest={[Function]}
    onStartShouldSetResponder={[Function]}
    style={
      Object {
        "backgroundColor": "#ddd",
        "borderBottomWidth": 1,
        "borderColor": "#ddd",
        "flexDirection": "row",
        "height": 45,
        "justifyContent": "flex-start",
        "opacity": 1,
        "padding": 12,
      }
    }
    testID={undefined}
    tvParallaxProperties={undefined}
  >
    <View
      style={
        Object {
          "alignSelf": "stretch",
          "flex": 1,
          "justifyContent": "center",
        }
      }
    >
      <Text
        accessible={true}
        allowFontScaling={true}
        ellipsizeMode="tail"
        foregroundColor={undefined}
        style={
          Object {
            "fontSize": 20,
            "fontWeight": "bold",
          }
        }
      >
        Found Devices
      </Text>
    </View>
  </View>
  <ListView
    dataSource={
      ListViewDataSource {
        "items": 3,
      }
    }
    enableEmptySections={true}
    renderRow={[Function]}
  />
</View>
`;
