// Jest Snapshot v1, https://goo.gl/fbAQLP

exports[`SearchButtonPanel - renders correctly 1`] = `
<View
  style={
    Object {
      "flex": 1,
      "paddingBottom": 20,
      "paddingTop": 10,
    }
  }
>
  <View
    accessibilityComponentType={undefined}
    accessibilityLabel={undefined}
    accessibilityTraits={undefined}
    accessible={true}
    hitSlop={undefined}
    isTVSelectable={true}
    onLayout={undefined}
    onResponderGrant={[Function]}
    onResponderMove={[Function]}
    onResponderRelease={[Function]}
    onResponderTerminate={[Function]}
    onResponderTerminationRequest={[Function]}
    onStartShouldSetResponder={[Function]}
    style={
      Object {
        "alignItems": "center",
        "alignSelf": "flex-start",
        "backgroundColor": "royalblue",
        "borderColor": "#5067FF",
        "borderRadius": 5,
        "borderWidth": 0,
        "elevation": 2,
        "flexDirection": "row",
        "height": 60,
        "justifyContent": "space-around",
        "opacity": 1,
        "paddingHorizontal": 8,
        "paddingVertical": 6,
        "shadowColor": "#000",
        "shadowOffset": Object {
          "height": 2,
          "width": 0,
        },
        "shadowOpacity": 0.2,
        "shadowRadius": 2,
      }
    }
    testID={undefined}
    tvParallaxProperties={undefined}
  >
    <Text
      accessible={true}
      allowFontScaling={false}
      ellipsizeMode="tail"
      style={
        Array [
          Object {
            "color": undefined,
            "fontSize": 12,
          },
          Object {
            "color": "#fff",
            "fontSize": 45,
            "lineHeight": 52,
          },
          Object {
            "fontFamily": "Material Icons",
            "fontStyle": "normal",
            "fontWeight": "normal",
          },
        ]
      }
      theme={
        Object {
          "iconFamily": "MaterialIcons",
        }
      }
    >
      î†§
    </Text>
    <Text
      accessible={true}
      allowFontScaling={true}
      ellipsizeMode="tail"
      style={
        Object {
          "color": "#fff",
          "fontFamily": "HelveticaNeue",
          "fontSize": 22.5,
          "lineHeight": 29,
          "marginLeft": 7,
          "marginRight": 0,
        }
      }
    >
      Search Devices
    </Text>
  </View>
</View>
`;
